int32_hex: 123
int32_dec: 123
str: "foo"
repeated_msg:
- int32_dec: 456
  str: "bar"
- int32_dec: 789
  str: "baz"
  map_string_string:
    foo: "bar"
nested_msg:
  int32_dec: 1234
  str: "qux"
  map_string_string:
    bar: "baz"
    foo: "bar"