is_eml: true
subject: "Re: Hello Again"
comments:
  - "made with GIGA_mail_Client_3000"
keywords:
  - "friends"
  - "personal mails"
  - "secret"
from:
  - address: "michelle@subject.com"
    name: "Michelle"
  - address: "michelleProxy@subject.com"
to:
  - address: "friend@friends.com"
    name: "Secret Friend"
  - address: "somebody.else@friends.com"
    name: "Someone else"
cc:
  - address: "drive@friends.com"
    name: "backup account"
  - address: "super.backup@cloud.net"
bcc:
  - address: "secret@friends.com"
    name: "secret FRIEND"
reply_to:
  - address: "somebody.else@friends.com"
    name: "Someone else"
sender:
    address: "michelleProxy@subject.com"
message_id: "001001@ID.SUBJECT.COM"
in_reply_to:
  - "002001@ID.FRIENDS.COM"
references:
  - "002001@ID.FRIENDS.COM"
  - "500204@another.ID.hidden.service.net"
date: 880127706 # 1997-11-21 15:55:06 UTC
parts:
  - type: PART_MULTI
    children:
      - 1
      - 2
    offset_header: 0
    offset_body: 728
    offset_end: 1175
  - type: PART_TEXT
    offset_header: 759
    offset_body: 836
    offset_end: 872
    decoded_data: "Ahoj, \xc4\x8dau dobr\xc3\xbd de\xc5\x88!\r\n"
  - type: PART_TEXT
    offset_header: 904
    offset_body: 990
    offset_end: 1142
    decoded_data: "<div dir=\"ltr\"><div class=\"mail_default\" style=\"font-family:verdana,sans-serif;font-size:small\">Ahoj, \xc4\x8dau dobr\xc3\xbd de\xc5\x88!</div></div>\n"