>>>
[1;36mmacho[0m:
[38;2;51;51;255mmagic[0m: 4277009102 (0xfeedface)
[38;2;51;51;255mcputype[0m: 7
[38;2;51;51;255mcpusubtype[0m: 3
[38;2;51;51;255mfiletype[0m: 2
[38;2;51;51;255mncmds[0m: 16
[38;2;51;51;255msizeofcmds[0m: 1060
[38;2;51;51;255mflags[0m: 18874501 (0x1200085)
[38;2;51;51;255mnumber_of_segments[0m: 4
[3;38;2;51;255;153m# Nested[0m [3;38;2;51;255;153msegments[0m [3;38;2;51;255;153mstructure[0m
[1;38;2;255;255;102msegments[0m:
  [1;38;2;255;255;102m-[0m [38;2;51;51;255mcmd[0m: 1
    [38;2;51;51;255mcmdsize[0m: 56
    [38;2;51;51;255msegname[0m: "__PAGEZERO"
    [38;2;51;51;255mvmaddr[0m: 0 (0x0)
    [38;2;51;51;255mvmsize[0m: 4096 (0x1000)
    [38;2;51;51;255mfileoff[0m: 0
    [38;2;51;51;255mfilesize[0m: 0
    [38;2;51;51;255mmaxprot[0m: 0 (0x0)
    [38;2;51;51;255minitprot[0m: 0 (0x0)
    [38;2;51;51;255mnsects[0m: 0
    [38;2;51;51;255mflags[0m: 0 (0x0)
  [1;38;2;255;255;102m-[0m [38;2;51;51;255mcmd[0m: 1
    [38;2;51;51;255mcmdsize[0m: 396
    [38;2;51;51;255msegname[0m: "__TEXT"
    [38;2;51;51;255mvmaddr[0m: 4096 (0x1000)
    [38;2;51;51;255mvmsize[0m: 4096 (0x1000)
    [38;2;51;51;255mfileoff[0m: 0
    [38;2;51;51;255mfilesize[0m: 4096
    [38;2;51;51;255mmaxprot[0m: 7 (0x7)
    [38;2;51;51;255minitprot[0m: 5 (0x5)
    [38;2;51;51;255mnsects[0m: 5
    [38;2;51;51;255mflags[0m: 0 (0x0)
    [3;38;2;51;255;153m# Nested[0m [3;38;2;51;255;153msections[0m [3;38;2;51;255;153mstructure[0m
    [1;38;2;255;255;102msections[0m:
      [1;38;2;255;255;102m-[0m [38;2;51;51;255msegname[0m: "__TEXT"
        [38;2;51;51;255msectname[0m: "__text"
        [38;2;51;51;255maddr[0m: 7824 (0x1e90)
        [38;2;51;51;255msize[0m: 166 (0xa6)
        [38;2;51;51;255moffset[0m: 3728
        [38;2;51;51;255malign[0m: 4
        [38;2;51;51;255mreloff[0m: 0
        [38;2;51;51;255mnreloc[0m: 0
        [38;2;51;51;255mflags[0m: 2147484672 (0x80000400)
        [38;2;51;51;255mreserved1[0m: 0
        [38;2;51;51;255mreserved2[0m: 0
      [1;38;2;255;255;102m-[0m [38;2;51;51;255msegname[0m: "__TEXT"
        [38;2;51;51;255msectname[0m: "__symbol_stub"
        [38;2;51;51;255maddr[0m: 7990 (0x1f36)
        [38;2;51;51;255msize[0m: 12 (0xc)
        [38;2;51;51;255moffset[0m: 3894
        [38;2;51;51;255malign[0m: 1
        [38;2;51;51;255mreloff[0m: 0
        [38;2;51;51;255mnreloc[0m: 0
        [38;2;51;51;255mflags[0m: 2147484936 (0x80000508)
        [38;2;51;51;255mreserved1[0m: 0
        [38;2;51;51;255mreserved2[0m: 6
      [1;38;2;255;255;102m-[0m [38;2;51;51;255msegname[0m: "__TEXT"
        [38;2;51;51;255msectname[0m: "__stub_helper"
        [38;2;51;51;255maddr[0m: 8004 (0x1f44)
        [38;2;51;51;255msize[0m: 32 (0x20)
        [38;2;51;51;255moffset[0m: 3908
        [38;2;51;51;255malign[0m: 2
        [38;2;51;51;255mreloff[0m: 0
        [38;2;51;51;255mnreloc[0m: 0
        [38;2;51;51;255mflags[0m: 2147484928 (0x80000500)
        [38;2;51;51;255mreserved1[0m: 0
        [38;2;51;51;255mreserved2[0m: 0
      [1;38;2;255;255;102m-[0m [38;2;51;51;255msegname[0m: "__TEXT"
        [38;2;51;51;255msectname[0m: "__cstring"
        [38;2;51;51;255maddr[0m: 8036 (0x1f64)
        [38;2;51;51;255msize[0m: 69 (0x45)
        [38;2;51;51;255moffset[0m: 3940
        [38;2;51;51;255malign[0m: 0
        [38;2;51;51;255mreloff[0m: 0
        [38;2;51;51;255mnreloc[0m: 0
        [38;2;51;51;255mflags[0m: 2 (0x2)
        [38;2;51;51;255mreserved1[0m: 0
        [38;2;51;51;255mreserved2[0m: 0
      [1;38;2;255;255;102m-[0m [38;2;51;51;255msegname[0m: "__TEXT"
        [38;2;51;51;255msectname[0m: "__unwind_info"
        [38;2;51;51;255maddr[0m: 8108 (0x1fac)
        [38;2;51;51;255msize[0m: 72 (0x48)
        [38;2;51;51;255moffset[0m: 4012
        [38;2;51;51;255malign[0m: 2
        [38;2;51;51;255mreloff[0m: 0
        [38;2;51;51;255mnreloc[0m: 0
        [38;2;51;51;255mflags[0m: 0 (0x0)
        [38;2;51;51;255mreserved1[0m: 0
        [38;2;51;51;255mreserved2[0m: 0
  [1;38;2;255;255;102m-[0m [38;2;51;51;255mcmd[0m: 1
    [38;2;51;51;255mcmdsize[0m: 192
    [38;2;51;51;255msegname[0m: "__DATA"
    [38;2;51;51;255mvmaddr[0m: 8192 (0x2000)
    [38;2;51;51;255mvmsize[0m: 4096 (0x1000)
    [38;2;51;51;255mfileoff[0m: 4096
    [38;2;51;51;255mfilesize[0m: 4096
    [38;2;51;51;255mmaxprot[0m: 7 (0x7)
    [38;2;51;51;255minitprot[0m: 3 (0x3)
    [38;2;51;51;255mnsects[0m: 2
    [38;2;51;51;255mflags[0m: 0 (0x0)
    [3;38;2;51;255;153m# Nested[0m [3;38;2;51;255;153msections[0m [3;38;2;51;255;153mstructure[0m
    [1;38;2;255;255;102msections[0m:
      [1;38;2;255;255;102m-[0m [38;2;51;51;255msegname[0m: "__DATA"
        [38;2;51;51;255msectname[0m: "__nl_symbol_ptr"
        [38;2;51;51;255maddr[0m: 8192 (0x2000)
        [38;2;51;51;255msize[0m: 8 (0x8)
        [38;2;51;51;255moffset[0m: 4096
        [38;2;51;51;255malign[0m: 2
        [38;2;51;51;255mreloff[0m: 0
        [38;2;51;51;255mnreloc[0m: 0
        [38;2;51;51;255mflags[0m: 6 (0x6)
        [38;2;51;51;255mreserved1[0m: 2
        [38;2;51;51;255mreserved2[0m: 0
      [1;38;2;255;255;102m-[0m [38;2;51;51;255msegname[0m: "__DATA"
        [38;2;51;51;255msectname[0m: "__la_symbol_ptr"
        [38;2;51;51;255maddr[0m: 8200 (0x2008)
        [38;2;51;51;255msize[0m: 8 (0x8)
        [38;2;51;51;255moffset[0m: 4104
        [38;2;51;51;255malign[0m: 2
        [38;2;51;51;255mreloff[0m: 0
        [38;2;51;51;255mnreloc[0m: 0
        [38;2;51;51;255mflags[0m: 7 (0x7)
        [38;2;51;51;255mreserved1[0m: 4
        [38;2;51;51;255mreserved2[0m: 0
  [1;38;2;255;255;102m-[0m [38;2;51;51;255mcmd[0m: 1
    [38;2;51;51;255mcmdsize[0m: 56
    [38;2;51;51;255msegname[0m: "__LINKEDIT"
    [38;2;51;51;255mvmaddr[0m: 12288 (0x3000)
    [38;2;51;51;255mvmsize[0m: 4096 (0x1000)
    [38;2;51;51;255mfileoff[0m: 8192
    [38;2;51;51;255mfilesize[0m: 280
    [38;2;51;51;255mmaxprot[0m: 7 (0x7)
    [38;2;51;51;255minitprot[0m: 1 (0x1)
    [38;2;51;51;255mnsects[0m: 0
    [38;2;51;51;255mflags[0m: 0 (0x0)
[3;38;2;51;255;153m# Nested[0m [3;38;2;51;255;153mdylibs[0m [3;38;2;51;255;153mstructure[0m
[1;38;2;255;255;102mdylibs[0m:
  [1;38;2;255;255;102m-[0m [38;2;51;51;255mname[0m: "/usr/lib/libSystem.B.dylib"
    [38;2;51;51;255mtimestamp[0m: 2 (1970-01-01 00:00:02 UTC)
    [38;2;51;51;255mcompatibility_version[0m: "1.0.0"
    [38;2;51;51;255mcurrent_version[0m: "1213.0.0"
[38;2;51;51;255mentry_point[0m: 3728
[38;2;51;51;255mstack_size[0m: 0

<<<