>>>
[1;36mlnk[0m:
[38;2;51;51;255mis_lnk[0m: false

<<<