>>>
[1;36mmacho[0m:
<?xml version="1.0" encoding="UTF-8" standalone="yes"?>
<file>
  <magic>4277009102</magic>
  <cputype>7</cputype>
  <cpusubtype>3</cpusubtype>
  <filetype>2</filetype>
  <ncmds>16</ncmds>
  <sizeofcmds>1060</sizeofcmds>
  <flags>18874501</flags>
  <numberOfSegments>4</numberOfSegments>
  <segments>
    <cmd>1</cmd>
    <cmdsize>56</cmdsize>
    <segname>__PAGEZERO</segname>
    <vmaddr>0</vmaddr>
    <vmsize>4096</vmsize>
    <fileoff>0</fileoff>
    <filesize>0</filesize>
    <maxprot>0</maxprot>
    <initprot>0</initprot>
    <nsects>0</nsects>
    <flags>0</flags>
  </segments>
  <segments>
    <cmd>1</cmd>
    <cmdsize>396</cmdsize>
    <segname>__TEXT</segname>
    <vmaddr>4096</vmaddr>
    <vmsize>4096</vmsize>
    <fileoff>0</fileoff>
    <filesize>4096</filesize>
    <maxprot>7</maxprot>
    <initprot>5</initprot>
    <nsects>5</nsects>
    <flags>0</flags>
    <sections>
      <segname>__TEXT</segname>
      <sectname>__text</sectname>
      <addr>7824</addr>
      <size>166</size>
      <offset>3728</offset>
      <align>4</align>
      <reloff>0</reloff>
      <nreloc>0</nreloc>
      <flags>2147484672</flags>
      <reserved1>0</reserved1>
      <reserved2>0</reserved2>
    </sections>
    <sections>
      <segname>__TEXT</segname>
      <sectname>__symbol_stub</sectname>
      <addr>7990</addr>
      <size>12</size>
      <offset>3894</offset>
      <align>1</align>
      <reloff>0</reloff>
      <nreloc>0</nreloc>
      <flags>2147484936</flags>
      <reserved1>0</reserved1>
      <reserved2>6</reserved2>
    </sections>
    <sections>
      <segname>__TEXT</segname>
      <sectname>__stub_helper</sectname>
      <addr>8004</addr>
      <size>32</size>
      <offset>3908</offset>
      <align>2</align>
      <reloff>0</reloff>
      <nreloc>0</nreloc>
      <flags>2147484928</flags>
      <reserved1>0</reserved1>
      <reserved2>0</reserved2>
    </sections>
    <sections>
      <segname>__TEXT</segname>
      <sectname>__cstring</sectname>
      <addr>8036</addr>
      <size>69</size>
      <offset>3940</offset>
      <align>0</align>
      <reloff>0</reloff>
      <nreloc>0</nreloc>
      <flags>2</flags>
      <reserved1>0</reserved1>
      <reserved2>0</reserved2>
    </sections>
    <sections>
      <segname>__TEXT</segname>
      <sectname>__unwind_info</sectname>
      <addr>8108</addr>
      <size>72</size>
      <offset>4012</offset>
      <align>2</align>
      <reloff>0</reloff>
      <nreloc>0</nreloc>
      <flags>0</flags>
      <reserved1>0</reserved1>
      <reserved2>0</reserved2>
    </sections>
  </segments>
  <segments>
    <cmd>1</cmd>
    <cmdsize>192</cmdsize>
    <segname>__DATA</segname>
    <vmaddr>8192</vmaddr>
    <vmsize>4096</vmsize>
    <fileoff>4096</fileoff>
    <filesize>4096</filesize>
    <maxprot>7</maxprot>
    <initprot>3</initprot>
    <nsects>2</nsects>
    <flags>0</flags>
    <sections>
      <segname>__DATA</segname>
      <sectname>__nl_symbol_ptr</sectname>
      <addr>8192</addr>
      <size>8</size>
      <offset>4096</offset>
      <align>2</align>
      <reloff>0</reloff>
      <nreloc>0</nreloc>
      <flags>6</flags>
      <reserved1>2</reserved1>
      <reserved2>0</reserved2>
    </sections>
    <sections>
      <segname>__DATA</segname>
      <sectname>__la_symbol_ptr</sectname>
      <addr>8200</addr>
      <size>8</size>
      <offset>4104</offset>
      <align>2</align>
      <reloff>0</reloff>
      <nreloc>0</nreloc>
      <flags>7</flags>
      <reserved1>4</reserved1>
      <reserved2>0</reserved2>
    </sections>
  </segments>
  <segments>
    <cmd>1</cmd>
    <cmdsize>56</cmdsize>
    <segname>__LINKEDIT</segname>
    <vmaddr>12288</vmaddr>
    <vmsize>4096</vmsize>
    <fileoff>8192</fileoff>
    <filesize>280</filesize>
    <maxprot>7</maxprot>
    <initprot>1</initprot>
    <nsects>0</nsects>
    <flags>0</flags>
  </segments>
  <dylibs>
    <name>/usr/lib/libSystem.B.dylib</name>
    <timestamp>2</timestamp>
    <compatibilityVersion>1.0.0</compatibilityVersion>
    <currentVersion>1213.0.0</currentVersion>
  </dylibs>
  <entryPoint>3728</entryPoint>
  <stackSize>0</stackSize>
</file>
<<<