>>>
[1;36mlnk[0m:
<?xml version="1.0" encoding="UTF-8" standalone="yes"?>
<file>
  <isLnk>false</isLnk>
</file>
<<<