[38;2;51;51;255mfield1[0m: 123 (0x7b)
[38;2;51;51;255mfield2[0m: "test"
[3;38;2;51;255;153m# Nested[0m [3;38;2;51;255;153msegments[0m [3;38;2;51;255;153mstructure[0m
[1;38;2;255;255;102msegments[0m:
  [1;38;2;255;255;102m-[0m [38;2;51;51;255mnested1[0m: 456
    [38;2;51;51;255mnested2[0m: 789 (0x315)
    [38;2;51;51;255mtimestamp[0m: 123456789 (1973-11-29 21:33:09 UTC)
[3;38;2;51;255;153m# Nested[0m [3;38;2;51;255;153moptional[0m [3;38;2;51;255;153mstructure[0m
[1;38;2;255;255;102moptional[0m:
  [1;38;2;255;255;102m-[0m [38;2;51;51;255monested1[0m: 123
    [38;2;51;51;255monested2[0m: 456 (0x1c8)
    [1;38;2;255;255;102mmap_string_string[0m:
        [38;2;51;51;255mfoo[0m: "bar"
